{"title":"","description":"","keywords":"jvc_controller_00004","author":"","js":"","prepend":[],"append":[],"replace":[]}