{"title":"","description":"","keywords":"","author":"position set from controller view file in 00006","js":"","prepend":[],"append":[],"replace":[]}