{"title":"title testing","description":"","keywords":"","author":"","js":"","prepend":[],"append":[],"replace":[]}