{"title":"","description":"","keywords":"","author":"","js":"","prepend":[],"append":[],"replace":[]}